// Jest Snapshot v1, https://goo.gl/fbAQLP

exports[`App should match snapshot 1`] = `
<div
  className="App"
>
  <header>
    <Link
      to="/"
    >
      <h1>
        Palette Picker
      </h1>
    </Link>
    <NavLink
      exact={true}
      to="/my-projects"
    >
      My Projects
    </NavLink>
  </header>
  <div>
    <Switch>
      <Route
        exact={true}
        path="/"
        render={[Function]}
      />
      <Route
        exact={true}
        path="/my-projects"
        render={[Function]}
      />
      <Route
        exact={true}
        path="/my-projects/:id"
        render={[Function]}
      />
    </Switch>
  </div>
  <div />
</div>
`;
