// Jest Snapshot v1, https://goo.gl/fbAQLP

exports[`DisplayPalette should match the snapshot 1`] = `
<div
  className="palette-card"
>
  <h3
    className="palette-name"
  >
    my palette
  </h3>
  <div
    className="display-colors"
  >
    <div
      className="display-color"
      style={
        Object {
          "backgroundColor": "blue",
        }
      }
    />
    <div
      className="display-color"
      style={
        Object {
          "backgroundColor": "pink",
        }
      }
    />
    <div
      className="display-color"
      style={
        Object {
          "backgroundColor": "yellow",
        }
      }
    />
    <div
      className="display-color"
      style={
        Object {
          "backgroundColor": "green",
        }
      }
    />
    <div
      className="display-color"
      style={
        Object {
          "backgroundColor": "red",
        }
      }
    />
  </div>
</div>
`;
